<html>
<body>
<pre>
<h1>µVision Build Log</h1>
<h2>Tool Versions:</h2>
IDE-Version: ¦ÌVision V5.34.0.0
Copyright (C) 2021 ARM Ltd and ARM Germany GmbH. All rights reserved.
License Information:  ,  , LIC=LSNXV-PV0ZL-EV51R-KC8DH-1MV37-PE9RU
 
Tool Versions:
Toolchain:       MDK-ARM Plus  Version: 5.34.0.0
Toolchain Path:  D:\stm32tool\ARM\ARMCC\Bin
C Compiler:      Armcc.exe V5.06 update 7 (build 960)
Assembler:       Armasm.exe V5.06 update 7 (build 960)
Linker/Locator:  ArmLink.exe V5.06 update 7 (build 960)
Library Manager: ArmAr.exe V5.06 update 7 (build 960)
Hex Converter:   FromElf.exe V5.06 update 7 (build 960)
CPU DLL:         SARMCM3.DLL V5.34.0.0
Dialog DLL:      DCM.DLL V1.17.3.0
Target DLL:      STLink\ST-LINKIII-KEIL_SWO.dll V3.0.8.0
Dialog DLL:      TCM.DLL V1.48.0.0
 
<h2>Project:</h2>
C:\Users\15359\Desktop\È«¹ú´óÑ§ÉúÇ¶ÈëÊ½´´ÐÂ´óÈü\STM32_LVGL_FINAL£¨×îÖÕ°æ\STM32F407_LVGL\MDK-ARM\STM32F407_LVGL.uvprojx
Project File Date:  04/16/2026

<h2>Output:</h2>
*** Using Compiler 'V5.06 update 7 (build 960)', folder: 'D:\stm32tool\ARM\ARMCC\Bin'
Rebuild target 'STM32F407_LVGL'
assembling startup_stm32f407xx.s...
compiling stm32f4xx_hal_msp.c...
compiling stm32f4xx_hal_cortex.c...
compiling stm32f4xx_hal_flash_ramfunc.c...
compiling tim.c...
compiling stm32f4xx_hal_pwr_ex.c...
compiling stm32f4xx_hal_exti.c...
compiling stm32f4xx_hal_rcc_ex.c...
compiling stm32f4xx_hal_gpio.c...
compiling stm32f4xx_hal_flash.c...
compiling stm32f4xx_hal.c...
compiling stm32f4xx_hal_flash_ex.c...
compiling stm32f4xx_hal_pwr.c...
compiling gpio.c...
compiling stm32f4xx_hal_rcc.c...
compiling stm32f4xx_hal_dma.c...
compiling stm32f4xx_hal_dma_ex.c...
compiling stm32f4xx_hal_tim_ex.c...
compiling stm32f4xx_hal_usart.c...
compiling stm32f4xx_hal_spi.c...
compiling stm32f4xx_hal_uart.c...
compiling stm32f4xx_it.c...
compiling stm32f4xx_hal_tim.c...
compiling main.c...
../Core/Src/main.c(163): warning:  #870-D: invalid multibyte character sequence
        APP_LOG("MQTT ç¬? %d æ¬¡è¿žæŽ?...\r\n", i+1);
../Core/Src/main.c(163): warning:  #870-D: invalid multibyte character sequence
        APP_LOG("MQTT ç¬? %d æ¬¡è¿žæŽ?...\r\n", i+1);
../Core/Src/main.c(167): warning:  #870-D: invalid multibyte character sequence
            APP_LOG("MQTT ç¬? %d æ¬¡è¿žæŽ¥å¤±è´?...\r\n", i+1);
../Core/Src/main.c(167): warning:  #870-D: invalid multibyte character sequence
            APP_LOG("MQTT ç¬? %d æ¬¡è¿žæŽ¥å¤±è´?...\r\n", i+1);
../Core/Src/main.c(172): warning:  #870-D: invalid multibyte character sequence
            APP_LOG("MQTT ç¬? %d æ¬¡è¿žæŽ¥æˆåŠŸï¼\r\n", i+1);
../Core/Src/main.c(253): warning:  #1-D: last line of file ends without a newline
  #endif /* USE_FULL_ASSERT */
../Core/Src/main.c: 6 warnings, 0 errors
compiling My_cb.c...
compiling stm32f4xx_hal_i2c_ex.c...
compiling system_stm32f4xx.c...
compiling sys.c...
compiling led.c...
compiling uart1.c...
..\Drivers\SYSTEM\uart1\uart1.c(362): warning:  #1-D: last line of file ends without a newline
  }
..\Drivers\SYSTEM\uart1\uart1.c: 1 warning, 0 errors
compiling lock.c...
compiling keyboard.c...
compiling oled.c...
compiling password.c...
compiling curtain.c...
compiling beep.c...
compiling bluetooth.c...
compiling w25q128.c...
compiling bh1750.c...
compiling l610.c...
compiling onenet.c...
compiling voice.c...
compiling dht11.c...
compiling delay.c...
compiling icon_ac.c...
compiling icon_bedroom_light.c...
compiling icon_curtain.c...
compiling icon_lamp.c...
compiling stm32f4xx_hal_i2c.c...
compiling icon_living_light.c...
compiling icon_robot.c...
compiling icon_lock.c...
compiling icon_speaker.c...
compiling weather.c...
compiling icon_toothbrush.c...
compiling LCD_Font.c...
compiling Font_Num_16.c...
compiling icon_weather_cloudy.c...
compiling icon_weather_storm_rain.c...
compiling icon_weather_sunny.c...
compiling Font_Num_24.c...
compiling freertos_test.c...
..\Drivers\BSP\freertos_test\freertos_test.c(152): warning:  #870-D: invalid multibyte character sequence
              APP_LOG("æŒ‰ä¸‹æŒ‰é”®ï¼?%c\r\n", key_value);
..\Drivers\BSP\freertos_test\freertos_test.c(587): warning:  #870-D: invalid multibyte character sequence
      APP_LOG("å®¢åŽ…ç?(OneNET): led_brightness=%d -> level%u\r\n", v, (unsigned)level);
..\Drivers\BSP\freertos_test\freertos_test.c(647): warning:  #870-D: invalid multibyte character sequence
          APP_LOG("æ¹¿åº¦ï¼?%d.%d%%RH , æ¸©åº¦ï¼?%d.%d C , å…‰ç…§ï¼?%d.%d lx\r\n",
..\Drivers\BSP\freertos_test\freertos_test.c(647): warning:  #870-D: invalid multibyte character sequence
          APP_LOG("æ¹¿åº¦ï¼?%d.%d%%RH , æ¸©åº¦ï¼?%d.%d C , å…‰ç…§ï¼?%d.%d lx\r\n",
..\Drivers\BSP\freertos_test\freertos_test.c(647): warning:  #870-D: invalid multibyte character sequence
          APP_LOG("æ¹¿åº¦ï¼?%d.%d%%RH , æ¸©åº¦ï¼?%d.%d C , å…‰ç…§ï¼?%d.%d lx\r\n",
..\Drivers\BSP\freertos_test\freertos_test.c(762): warning:  #870-D: invalid multibyte character sequence
      APP_LOG(" å®¢åŽ…ç?(è§¦æ‘¸): %s\r\n", state ? " é«˜æ¡£äº? " : " å·²å…³é—? ");
..\Drivers\BSP\freertos_test\freertos_test.c(762): warning:  #870-D: invalid multibyte character sequence
      APP_LOG(" å®¢åŽ…ç?(è§¦æ‘¸): %s\r\n", state ? " é«˜æ¡£äº? " : " å·²å…³é—? ");
..\Drivers\BSP\freertos_test\freertos_test.c(762): warning:  #870-D: invalid multibyte character sequence
      APP_LOG(" å®¢åŽ…ç?(è§¦æ‘¸): %s\r\n", state ? " é«˜æ¡£äº? " : " å·²å…³é—? ");
..\Drivers\BSP\freertos_test\freertos_test.c(768): warning:  #870-D: invalid multibyte character sequence
      APP_LOG(" å§å®¤ç?(è§¦æ‘¸): %s\r\n", state ? " å¼€ " : " å…? ");
..\Drivers\BSP\freertos_test\freertos_test.c(768): warning:  #870-D: invalid multibyte character sequence
      APP_LOG(" å§å®¤ç?(è§¦æ‘¸): %s\r\n", state ? " å¼€ " : " å…? ");
..\Drivers\BSP\freertos_test\freertos_test.c(777): warning:  #870-D: invalid multibyte character sequence
      APP_LOG(" çª—å¸˜(è§¦æ‘¸): %s\r\n", state ? " å¼€ " : " å…? ");
..\Drivers\BSP\freertos_test\freertos_test.c(812): warning:  #1-D: last line of file ends without a newline
  }
..\Drivers\BSP\freertos_test\freertos_test.c: 12 warnings, 0 errors
compiling Font_Sensor_20.c...
compiling Font_weather_30.c...
compiling Font_info_24.c...
compiling lv_anim_timeline.c...
compiling lv_anim.c...
compiling lv_async.c...
compiling My_GUI.c...
compiling lv_area.c...
compiling lv_bidi.c...
compiling lv_color.c...
compiling lv_fs.c...
compiling lv_gc.c...
compiling lv_log.c...
compiling lv_ll.c...
compiling lv_lru.c...
..\GUI\LVGL_API\src\misc\lv_lru.c(238): warning:  #68-D: integer conversion resulted in a change of sign
      uint32_t i = 0, min_index = -1;
..\GUI\LVGL_API\src\misc\lv_lru.c(239): warning:  #68-D: integer conversion resulted in a change of sign
      uint64_t min_access_count = -1;
..\GUI\LVGL_API\src\misc\lv_lru.c: 2 warnings, 0 errors
compiling lv_math.c...
compiling lv_mem.c...
..\GUI\LVGL_API\src\misc\lv_mem.c(324): warning:  #111-D: statement is unreachable
      return NULL;
..\GUI\LVGL_API\src\misc\lv_mem.c: 1 warning, 0 errors
compiling lv_templ.c...
compiling lv_printf.c...
compiling lv_style.c...
..\GUI\LVGL_API\src\misc\lv_style.c(214): warning:  #188-D: enumerated type mixed with another type
      return last_custom_prop_id;
..\GUI\LVGL_API\src\misc\lv_style.c(219): warning:  #188-D: enumerated type mixed with another type
      return last_custom_prop_id - _LV_STYLE_LAST_BUILT_IN_PROP;
..\GUI\LVGL_API\src\misc\lv_style.c(290): warning:  #188-D: enumerated type mixed with another type
      lv_style_set_prop_internal(style, prop | meta, null_style_value, lv_style_set_prop_meta_helper);
..\GUI\LVGL_API\src\misc\lv_style.c: 3 warnings, 0 errors
compiling lv_style_gen.c...
compiling lv_timer.c...
compiling lv_tlsf.c...
..\GUI\LVGL_API\src\misc\lv_tlsf.c(897): warning:  #68-D: integer conversion resulted in a change of sign
          offset_to_block(pool, -(int)block_header_overhead);
..\GUI\LVGL_API\src\misc\lv_tlsf.c(999): warning:  #68-D: integer conversion resulted in a change of sign
      block = offset_to_block(mem, -(tlsfptr_t)block_header_overhead);
..\GUI\LVGL_API\src\misc\lv_tlsf.c(1017): warning:  #68-D: integer conversion resulted in a change of sign
      block_header_t * block = offset_to_block(pool, -(int)block_header_overhead);
..\GUI\LVGL_API\src\misc\lv_tlsf.c: 3 warnings, 0 errors
compiling lv_utils.c...
compiling lv_txt_ap.c...
compiling lv_txt.c...
compiling lv_draw.c...
compiling lv_draw_arc.c...
compiling lv_draw_img.c...
compiling lv_draw_layer.c...
compiling lv_draw_line.c...
compiling lv_draw_label.c...
compiling lv_draw_rect.c...
compiling lv_draw_transform.c...
compiling LCD_Disp.c...
compiling lv_draw_triangle.c...
compiling lv_img_buf.c...
compiling LCD_Init.c...
compiling lv_img_cache.c...
compiling lv_draw_mask.c...
compiling lv_draw_sw.c...
compiling lv_img_decoder.c...
compiling LCD_Touch.c...
compiling lv_draw_sw_dither.c...
compiling lv_draw_sw_gradient.c...
compiling lv_draw_sw_arc.c...
compiling lv_draw_sw_img.c...
compiling lv_draw_sw_layer.c...
compiling lv_port_disp.c...
..\GUI\LVGL_API\porting\lv_port_disp.c(21): warning:  #1215-D: #warning directive: Please define or replace the macro MY_DISP_HOR_RES with the actual screen width, default value 320 is used for now.
      #warning Please define or replace the macro MY_DISP_HOR_RES with the actual screen width, default value 320 is used for now.
..\GUI\LVGL_API\porting\lv_port_disp.c(26): warning:  #1215-D: #warning directive: Please define or replace the macro MY_DISP_HOR_RES with the actual screen height, default value 240 is used for now.
      #warning Please define or replace the macro MY_DISP_HOR_RES with the actual screen height, default value 240 is used for now.
..\GUI\LVGL_API\porting\lv_port_disp.c: 2 warnings, 0 errors
compiling lv_draw_sw_blend.c...
compiling lv_draw_sw_polygon.c...
compiling lv_draw_sw_letter.c...
compiling lv_port_indev.c...
..\GUI\LVGL_API\porting\lv_port_indev.c(116): warning:  #550-D: variable "last_state"  was set but never used
      static uint8_t last_state = 0;
..\GUI\LVGL_API\porting\lv_port_indev.c(158): warning:  #177-D: function "touchpad_is_pressed"  was declared but never referenced
  static bool touchpad_is_pressed(void)
..\GUI\LVGL_API\porting\lv_port_indev.c(166): warning:  #177-D: function "touchpad_get_xy"  was declared but never referenced
  static void touchpad_get_xy(lv_coord_t * x, lv_coord_t * y)
..\GUI\LVGL_API\porting\lv_port_indev.c: 3 warnings, 0 errors
compiling lv_draw_sw_line.c...
compiling lv_font.c...
compiling lv_font_fmt_txt.c...
..\GUI\LVGL_API\src\font\lv_font_fmt_txt.c(137): warning:  #111-D: statement is unreachable
      return NULL;
..\GUI\LVGL_API\src\font\lv_font_fmt_txt.c: 1 warning, 0 errors
compiling lv_draw_sw_transform.c...
compiling lv_font_dejavu_16_persian_hebrew.c...
compiling lv_font_montserrat_8.c...
compiling lv_draw_sw_rect.c...
..\GUI\LVGL_API\src\draw\sw\lv_draw_sw_rect.c(234): warning:  #546-D: transfer of control bypasses initialization of:
            variable "mask_any_center"  (declared at line 280)
          goto bg_clean_up;
          ^
..\GUI\LVGL_API\src\draw\sw\lv_draw_sw_rect.c: 1 warning, 0 errors
compiling lv_font_loader.c...
compiling lv_font_montserrat_10.c...
compiling lv_font_montserrat_12.c...
compiling lv_font_montserrat_12_subpx.c...
compiling lv_font_montserrat_14.c...
compiling lv_font_montserrat_16.c...
compiling lv_font_montserrat_18.c...
compiling lv_font_montserrat_22.c...
compiling lv_font_montserrat_20.c...
compiling lv_font_montserrat_26.c...
compiling lv_font_montserrat_24.c...
compiling lv_font_montserrat_28.c...
compiling lv_font_montserrat_28_compressed.c...
compiling lv_font_montserrat_30.c...
compiling lv_font_montserrat_32.c...
compiling lv_font_montserrat_34.c...
compiling lv_font_montserrat_38.c...
compiling lv_font_montserrat_36.c...
compiling lv_font_montserrat_42.c...
compiling lv_font_montserrat_40.c...
compiling lv_font_montserrat_44.c...
compiling lv_font_montserrat_46.c...
compiling lv_hal_tick.c...
compiling lv_hal_indev.c...
compiling lv_font_montserrat_48.c...
compiling lv_hal_disp.c...
..\GUI\LVGL_API\src\hal\lv_hal_disp.c(582): warning:  #188-D: enumerated type mixed with another type
      return disp->driver->rotated;
..\GUI\LVGL_API\src\hal\lv_hal_disp.c: 1 warning, 0 errors
compiling lv_font_unscii_8.c...
compiling lv_font_simsun_16_cjk.c...
compiling lv_font_unscii_16.c...
compiling lv_disp.c...
compiling lv_event.c...
..\GUI\LVGL_API\src\core\lv_event.c(117): warning:  #188-D: enumerated type mixed with another type
      return e->code & ~LV_EVENT_PREPROCESS;
..\GUI\LVGL_API\src\core\lv_event.c: 1 warning, 0 errors
compiling lv_group.c...
compiling lv_obj_class.c...
compiling lv_indev_scroll.c...
compiling lv_indev.c...
compiling lv_obj_draw.c...
..\GUI\LVGL_API\src\core\lv_obj_draw.c(392): warning:  #188-D: enumerated type mixed with another type
      if(obj->spec_attr) return obj->spec_attr->layer_type;
..\GUI\LVGL_API\src\core\lv_obj_draw.c: 1 warning, 0 errors
compiling lv_obj.c...
compiling lv_obj_style_gen.c...
compiling lv_obj_scroll.c...
compiling lv_obj_tree.c...
compiling lv_obj_pos.c...
compiling lv_obj_style.c...
compiling lv_btn.c...
compiling lv_theme.c...
compiling lv_refr.c...
compiling lv_bar.c...
compiling lv_arc.c...
compiling lv_checkbox.c...
compiling lv_objx_templ.c...
compiling lv_btnmatrix.c...
compiling lv_canvas.c...
compiling lv_img.c...
compiling lv_line.c...
compiling lv_dropdown.c...
compiling lv_label.c...
compiling lv_switch.c...
compiling lv_slider.c...
compiling lv_roller.c...
compiling lv_calendar_header_arrow.c...
compiling lv_textarea.c...
compiling lv_table.c...
compiling lv_flex.c...
compiling lv_grid.c...
..\GUI\LVGL_API\src\extra\layouts\grid\lv_grid.c(583): warning:  #188-D: enumerated type mixed with another type
      lv_grid_align_t col_align = get_cell_col_align(item);
..\GUI\LVGL_API\src\extra\layouts\grid\lv_grid.c(584): warning:  #188-D: enumerated type mixed with another type
      lv_grid_align_t row_align = get_cell_row_align(item);
..\GUI\LVGL_API\src\extra\layouts\grid\lv_grid.c: 2 warnings, 0 errors
compiling lv_calendar_header_dropdown.c...
compiling lv_extra.c...
compiling lv_animimg.c...
compiling lv_calendar.c...
compiling lv_keyboard.c...
compiling lv_list.c...
compiling lv_menu.c...
compiling lv_imgbtn.c...
compiling lv_colorwheel.c...
compiling lv_led.c...
compiling lv_tileview.c...
compiling lv_msgbox.c...
compiling lv_meter.c...
compiling lv_spinner.c...
compiling lv_chart.c...
compiling lv_spinbox.c...
compiling lv_win.c...
compiling lv_tabview.c...
compiling lv_span.c...
..\GUI\LVGL_API\src\extra\widgets\span\lv_span.c(901): warning:  #546-D: transfer of control bypasses initialization of:
            variable "align"  (declared at line 905)
              goto Next_line_init;
              ^
..\GUI\LVGL_API\src\extra\widgets\span\lv_span.c: 1 warning, 0 errors
compiling lv_theme_default.c...
..\GUI\LVGL_API\src\extra\themes\default\lv_theme_default.c(211): warning:  #188-D: enumerated type mixed with another type
..\GUI\LVGL_API\src\extra\themes\default\lv_theme_default.c: 1 warning, 0 errors
compiling croutine.c...
compiling event_groups.c...
compiling list.c...
compiling timers.c...
compiling heap_4.c...
compiling stream_buffer.c...
compiling port.c...
compiling queue.c...
compiling tasks.c...
linking...
Program Size: Code=194600 RO-data=116036 RW-data=980 ZI-data=129092  
FromELF: creating hex file...
"STM32F407_LVGL\STM32F407_LVGL.axf" - 0 Error(s), 42 Warning(s).

<h2>Software Packages used:</h2>

Package Vendor: ARM
                http://www.keil.com/pack/ARM.CMSIS.5.7.0.pack
                ARM.CMSIS.5.7.0
                CMSIS (Cortex Microcontroller Software Interface Standard)
   * Component: CORE Version: 5.4.0

Package Vendor: Keil
                http://www.keil.com/pack/Keil.STM32F4xx_DFP.2.16.0.pack
                Keil.STM32F4xx_DFP.2.16.0
                STMicroelectronics STM32F4 Series Device Support, Drivers and Examples

<h2>Collection of Component include folders:</h2>
  .\RTE\_STM32F407_LVGL
  D:\stm32tool\Arm\Packs\ARM\CMSIS\5.7.0\CMSIS\Core\Include
  D:\stm32tool\Arm\Packs\Keil\STM32F4xx_DFP\2.16.0\Drivers\CMSIS\Device\ST\STM32F4xx\Include

<h2>Collection of Component Files used:</h2>

   * Component: ARM::CMSIS:CORE:5.4.0
      Include file:  CMSIS\Core\Include\tz_context.h
Build Time Elapsed:  00:00:14
</pre>
</body>
</html>
